// Jest Snapshot v1, https://goo.gl/fbAQLP

exports[`<ListView /> renders data correctly 1`] = `
<View
  style={
    {
      "alignItems": "center",
      "backgroundColor": "#fff",
      "flex": 1,
      "justifyContent": "center",
    }
  }
>
  <RCTScrollView
    ListEmptyComponent={[Function]}
    ListFooterComponent={[Function]}
    data={
      [
        {
          "id": "1",
          "subtitle": "test subtitle",
          "title": "test title",
        },
        {
          "id": "2",
          "subtitle": "test subtitle 2",
          "title": "test title 2",
        },
      ]
    }
    getItem={[Function]}
    getItemCount={[Function]}
    keyExtractor={[Function]}
    onContentSizeChange={[Function]}
    onEndReached={[Function]}
    onEndReachedThreshold={0.5}
    onLayout={[Function]}
    onMomentumScrollBegin={[Function]}
    onMomentumScrollEnd={[Function]}
    onScroll={[Function]}
    onScrollBeginDrag={[Function]}
    onScrollEndDrag={[Function]}
    removeClippedSubviews={false}
    renderItem={[Function]}
    scrollEventThrottle={50}
    stickyHeaderIndices={[]}
    testID="flatList"
    viewabilityConfigCallbackPairs={[]}
  >
    <View>
      <View
        onFocusCapture={[Function]}
        onLayout={[Function]}
        style={null}
      >
        <View
          style={
            {
              "marginBottom": 10,
              "minWidth": "100%",
              "paddingBottom": 10,
              "paddingLeft": 30,
              "paddingRight": 10,
              "paddingTop": 20,
            }
          }
        >
          <View
            style={
              {
                "marginBottom": 5,
                "marginTop": 5,
              }
            }
          >
            <Text
              style={
                {
                  "fontWeight": "bold",
                }
              }
            >
              test title
            </Text>
          </View>
          <View
            style={
              {
                "marginBottom": 10,
              }
            }
          >
            <Text>
              test subtitle
            </Text>
          </View>
        </View>
      </View>
      <View
        onFocusCapture={[Function]}
        onLayout={[Function]}
        style={null}
      >
        <View
          style={
            {
              "marginBottom": 10,
              "minWidth": "100%",
              "paddingBottom": 10,
              "paddingLeft": 30,
              "paddingRight": 10,
              "paddingTop": 20,
            }
          }
        >
          <View
            style={
              {
                "marginBottom": 5,
                "marginTop": 5,
              }
            }
          >
            <Text
              style={
                {
                  "fontWeight": "bold",
                }
              }
            >
              test title 2
            </Text>
          </View>
          <View
            style={
              {
                "marginBottom": 10,
              }
            }
          >
            <Text>
              test subtitle 2
            </Text>
          </View>
        </View>
      </View>
      <View
        onLayout={[Function]}
      >
        <View
          style={
            {
              "alignItems": "center",
              "flex": 1,
              "justifyContent": "center",
            }
          }
        />
      </View>
    </View>
  </RCTScrollView>
</View>
`;
